Modules list:
-------------
Space-Blimp.o:
    CODE              Offs=000000  Size=0009B5  Align=00001  Fill=0000
    RODATA            Offs=000000  Size=000115  Align=00001  Fill=0000
    BSS               Offs=000000  Size=000034  Align=00001  Fill=0000
    DATA              Offs=000000  Size=000018  Align=00001  Fill=0000
loadbin.o:
    CODE              Offs=0009B5  Size=000089  Align=00001  Fill=0000
C:\Users\chris\cc65/lib/c64.lib(_afailed.o):
    CODE              Offs=000A3E  Size=000032  Align=00001  Fill=0000
    RODATA            Offs=000115  Size=00001C  Align=00001  Fill=0000
C:\Users\chris\cc65/lib/c64.lib(_directerrno.o):
    CODE              Offs=000A70  Size=00000A  Align=00001  Fill=0000
C:\Users\chris\cc65/lib/c64.lib(_file.o):
    DATA              Offs=000018  Size=00001E  Align=00001  Fill=0000
C:\Users\chris\cc65/lib/c64.lib(_hextab.o):
    RODATA            Offs=000131  Size=000010  Align=00001  Fill=0000
C:\Users\chris\cc65/lib/c64.lib(_longminstr.o):
    RODATA            Offs=000141  Size=00000C  Align=00001  Fill=0000
C:\Users\chris\cc65/lib/c64.lib(_mappederrno.o):
    CODE              Offs=000A7A  Size=000010  Align=00001  Fill=0000
C:\Users\chris\cc65/lib/c64.lib(_oserror.o):
    BSS               Offs=000034  Size=000001  Align=00001  Fill=0000
C:\Users\chris\cc65/lib/c64.lib(_printf.o):
    CODE              Offs=000A8A  Size=0003A5  Align=00001  Fill=0000
    BSS               Offs=000035  Size=00002B  Align=00001  Fill=0000
    DATA              Offs=000036  Size=000003  Align=00001  Fill=0000
C:\Users\chris\cc65/lib/c64.lib(_seterrno.o):
    CODE              Offs=000E2F  Size=000009  Align=00001  Fill=0000
C:\Users\chris\cc65/lib/c64.lib(add.o):
    CODE              Offs=000E38  Size=00001C  Align=00001  Fill=0000
C:\Users\chris\cc65/lib/c64.lib(addeqsp.o):
    CODE              Offs=000E54  Size=000011  Align=00001  Fill=0000
C:\Users\chris\cc65/lib/c64.lib(addysp.o):
    CODE              Offs=000E65  Size=00000E  Align=00001  Fill=0000
C:\Users\chris\cc65/lib/c64.lib(axlong.o):
    CODE              Offs=000E73  Size=00000D  Align=00001  Fill=0000
C:\Users\chris\cc65/lib/c64.lib(callmain.o):
    CODE              Offs=000E80  Size=000017  Align=00001  Fill=0000
    DATA              Offs=000039  Size=000004  Align=00001  Fill=0000
C:\Users\chris\cc65/lib/c64.lib(condes.o):
    CODE              Offs=000E97  Size=00000C  Align=00001  Fill=0000
    DATA              Offs=00003D  Size=000025  Align=00001  Fill=0000
    ONCE              Offs=000000  Size=00000C  Align=00001  Fill=0000
C:\Users\chris\cc65/lib/c64.lib(crt0.o):
    STARTUP           Offs=000000  Size=000033  Align=00001  Fill=0000
    ONCE              Offs=00000C  Size=00001A  Align=00001  Fill=0000
    INIT              Offs=000000  Size=00001C  Align=00001  Fill=0000
C:\Users\chris\cc65/lib/c64.lib(ctype.o):
    RODATA            Offs=00014D  Size=00008B  Align=00001  Fill=0000
C:\Users\chris\cc65/lib/c64.lib(ctypemask.o):
    CODE              Offs=000EA3  Size=00001E  Align=00001  Fill=0000
C:\Users\chris\cc65/lib/c64.lib(decax1.o):
    CODE              Offs=000EC1  Size=000007  Align=00001  Fill=0000
C:\Users\chris\cc65/lib/c64.lib(decsp1.o):
    CODE              Offs=000EC8  Size=000009  Align=00001  Fill=0000
C:\Users\chris\cc65/lib/c64.lib(decsp2.o):
    CODE              Offs=000ED1  Size=00000D  Align=00001  Fill=0000
C:\Users\chris\cc65/lib/c64.lib(decsp4.o):
    CODE              Offs=000EDE  Size=00000D  Align=00001  Fill=0000
C:\Users\chris\cc65/lib/c64.lib(decsp5.o):
    CODE              Offs=000EEB  Size=00000D  Align=00001  Fill=0000
C:\Users\chris\cc65/lib/c64.lib(decsp6.o):
    CODE              Offs=000EF8  Size=00000D  Align=00001  Fill=0000
C:\Users\chris\cc65/lib/c64.lib(div.o):
    CODE              Offs=000F05  Size=000015  Align=00001  Fill=0000
C:\Users\chris\cc65/lib/c64.lib(errno.o):
    BSS               Offs=000060  Size=000002  Align=00001  Fill=0000
C:\Users\chris\cc65/lib/c64.lib(exehdr.o):
    EXEHDR            Offs=000000  Size=00000C  Align=00001  Fill=0000
C:\Users\chris\cc65/lib/c64.lib(filedes.o):
    CODE              Offs=000F1A  Size=00000E  Align=00001  Fill=0000
    DATA              Offs=000062  Size=000010  Align=00001  Fill=0000
C:\Users\chris\cc65/lib/c64.lib(fprintf.o):
    CODE              Offs=000F28  Size=00002B  Align=00001  Fill=0000
    BSS               Offs=000062  Size=000001  Align=00001  Fill=0000
C:\Users\chris\cc65/lib/c64.lib(fwrite.o):
    CODE              Offs=000F53  Size=00007B  Align=00001  Fill=0000
    BSS               Offs=000063  Size=000002  Align=00001  Fill=0000
C:\Users\chris\cc65/lib/c64.lib(incax1.o):
    CODE              Offs=000FCE  Size=000007  Align=00001  Fill=0000
C:\Users\chris\cc65/lib/c64.lib(incsp1.o):
    CODE              Offs=000FD5  Size=000007  Align=00001  Fill=0000
C:\Users\chris\cc65/lib/c64.lib(incsp2.o):
    CODE              Offs=000FDC  Size=000016  Align=00001  Fill=0000
C:\Users\chris\cc65/lib/c64.lib(incsp3.o):
    CODE              Offs=000FF2  Size=000005  Align=00001  Fill=0000
C:\Users\chris\cc65/lib/c64.lib(incsp4.o):
    CODE              Offs=000FF7  Size=000005  Align=00001  Fill=0000
C:\Users\chris\cc65/lib/c64.lib(incsp5.o):
    CODE              Offs=000FFC  Size=000005  Align=00001  Fill=0000
C:\Users\chris\cc65/lib/c64.lib(incsp6.o):
    CODE              Offs=001001  Size=000005  Align=00001  Fill=0000
C:\Users\chris\cc65/lib/c64.lib(jmpvec.o):
    DATA              Offs=000072  Size=000003  Align=00001  Fill=0000
C:\Users\chris\cc65/lib/c64.lib(kernal.o):
C:\Users\chris\cc65/lib/c64.lib(ldai.o):
    CODE              Offs=001006  Size=00000C  Align=00001  Fill=0000
C:\Users\chris\cc65/lib/c64.lib(ldaxi.o):
    CODE              Offs=001012  Size=00000D  Align=00001  Fill=0000
C:\Users\chris\cc65/lib/c64.lib(ldaxsp.o):
    CODE              Offs=00101F  Size=000009  Align=00001  Fill=0000
C:\Users\chris\cc65/lib/c64.lib(lneg.o):
    CODE              Offs=001028  Size=00001E  Align=00001  Fill=0000
C:\Users\chris\cc65/lib/c64.lib(loadaddr.o):
    LOADADDR          Offs=000000  Size=000002  Align=00001  Fill=0000
C:\Users\chris\cc65/lib/c64.lib(lpush.o):
    CODE              Offs=001046  Size=000021  Align=00001  Fill=0000
C:\Users\chris\cc65/lib/c64.lib(ltoa.o):
    CODE              Offs=001067  Size=000095  Align=00001  Fill=0000
C:\Users\chris\cc65/lib/c64.lib(mainargs.o):
    DATA              Offs=000075  Size=000016  Align=00001  Fill=0000
    ONCE              Offs=000026  Size=000069  Align=00001  Fill=0000
    INIT              Offs=00001C  Size=000012  Align=00001  Fill=0000
C:\Users\chris\cc65/lib/c64.lib(makebool.o):
    CODE              Offs=0010FC  Size=00002C  Align=00001  Fill=0000
C:\Users\chris\cc65/lib/c64.lib(mod.o):
    CODE              Offs=001128  Size=000011  Align=00001  Fill=0000
C:\Users\chris\cc65/lib/c64.lib(mul.o):
    CODE              Offs=001139  Size=000045  Align=00001  Fill=0000
C:\Users\chris\cc65/lib/c64.lib(mul8.o):
    CODE              Offs=00117E  Size=00003A  Align=00001  Fill=0000
C:\Users\chris\cc65/lib/c64.lib(negabs.o):
    CODE              Offs=0011B8  Size=000012  Align=00001  Fill=0000
C:\Users\chris\cc65/lib/c64.lib(oserror.o):
    CODE              Offs=0011CA  Size=000016  Align=00001  Fill=0000
    RODATA            Offs=0001D8  Size=00005A  Align=00001  Fill=0000
C:\Users\chris\cc65/lib/c64.lib(popa.o):
    CODE              Offs=0011E0  Size=00000C  Align=00001  Fill=0000
C:\Users\chris\cc65/lib/c64.lib(popptr1.o):
    CODE              Offs=0011EC  Size=00000E  Align=00001  Fill=0000
C:\Users\chris\cc65/lib/c64.lib(printf.o):
    CODE              Offs=0011FA  Size=000033  Align=00001  Fill=0000
    BSS               Offs=000065  Size=000001  Align=00001  Fill=0000
C:\Users\chris\cc65/lib/c64.lib(push1.o):
    CODE              Offs=00122D  Size=000005  Align=00001  Fill=0000
C:\Users\chris\cc65/lib/c64.lib(pusha.o):
    CODE              Offs=001232  Size=000016  Align=00001  Fill=0000
C:\Users\chris\cc65/lib/c64.lib(pushax.o):
    CODE              Offs=001248  Size=00001A  Align=00001  Fill=0000
C:\Users\chris\cc65/lib/c64.lib(pushw.o):
    CODE              Offs=001262  Size=00000F  Align=00001  Fill=0000
C:\Users\chris\cc65/lib/c64.lib(pushwsp.o):
    CODE              Offs=001271  Size=00001C  Align=00001  Fill=0000
C:\Users\chris\cc65/lib/c64.lib(raise.o):
    CODE              Offs=00128D  Size=00002B  Align=00001  Fill=0000
C:\Users\chris\cc65/lib/c64.lib(rwcommon.o):
    CODE              Offs=0012B8  Size=00001A  Align=00001  Fill=0000
C:\Users\chris\cc65/lib/c64.lib(shelp.o):
    CODE              Offs=0012D2  Size=000020  Align=00001  Fill=0000
C:\Users\chris\cc65/lib/c64.lib(signal.o):
    CODE              Offs=0012F2  Size=000030  Align=00001  Fill=0000
C:\Users\chris\cc65/lib/c64.lib(sigtable.o):
    DATA              Offs=00008B  Size=00000C  Align=00001  Fill=0000
C:\Users\chris\cc65/lib/c64.lib(staspidx.o):
    CODE              Offs=001322  Size=000016  Align=00001  Fill=0000
C:\Users\chris\cc65/lib/c64.lib(status.o):
C:\Users\chris\cc65/lib/c64.lib(staxsp.o):
    CODE              Offs=001338  Size=00000B  Align=00001  Fill=0000
C:\Users\chris\cc65/lib/c64.lib(staxspi.o):
    CODE              Offs=001343  Size=00001B  Align=00001  Fill=0000
C:\Users\chris\cc65/lib/c64.lib(strlen.o):
    CODE              Offs=00135E  Size=000016  Align=00001  Fill=0000
C:\Users\chris\cc65/lib/c64.lib(strlower.o):
    CODE              Offs=001374  Size=000027  Align=00001  Fill=0000
C:\Users\chris\cc65/lib/c64.lib(udiv.o):
    CODE              Offs=00139B  Size=00004F  Align=00001  Fill=0000
C:\Users\chris\cc65/lib/c64.lib(vfprintf.o):
    CODE              Offs=0013EA  Size=000061  Align=00001  Fill=0000
    DATA              Offs=000097  Size=000008  Align=00001  Fill=0000
C:\Users\chris\cc65/lib/c64.lib(write.o):
    CODE              Offs=00144B  Size=000054  Align=00001  Fill=0000
    ONCE              Offs=00008F  Size=000011  Align=00001  Fill=0000
C:\Users\chris\cc65/lib/c64.lib(zerobss.o):
    CODE              Offs=00149F  Size=000023  Align=00001  Fill=0000
C:\Users\chris\cc65/lib/c64.lib(zeropage.o):
    ZEROPAGE          Offs=000000  Size=00001A  Align=00001  Fill=0000


Segment list:
-------------
Name                   Start     End    Size  Align
----------------------------------------------------
ZEROPAGE              000002  00001B  00001A  00001
LOADADDR              0007FF  000800  000002  00001
EXEHDR                000801  00080C  00000C  00001
STARTUP               00080D  00083F  000033  00001
CODE                  000840  001D01  0014C2  00001
RODATA                001D02  001F33  000232  00001
DATA                  001F34  001FD2  00009F  00001
INIT                  001FD3  002000  00002E  00001
BSS                   002001  002066  000066  00001
ONCE                  002001  0020A4  0000A4  00001


Exports list by name:
---------------------
BSOUT                     00FFD2 RLA    CKOUT                     00FFC9 RLA    
CLRCH                     00FFCC RLA    OPEN                      00FFC0 RLA    
READST                    00FFB7 RLA    SETLFS                    00FFBA RLA    
ST                        000090 RLZ    __BSS_RUN__               002001 RLA    
__BSS_SIZE__              000066 REA    __CONSTRUCTOR_COUNT__     000002 REA    
__CONSTRUCTOR_TABLE__     0020A1 RLA    __DESTRUCTOR_COUNT__      000000 REA    
__DESTRUCTOR_TABLE__      001F34 RLA    __EXEHDR__                000001 REA    
__HEADER_LAST__           00080D RLA    __HIMEM__                 00D000 REA    
__LOADADDR__              000001 REA    __MAIN_SIZE__             00C7F3 REA    
__MAIN_START__            00080D RLA    __ONCE_RUN__              002001 RLA    
__STACKSIZE__             000800 REA    __STARTUP__               000001 REA    
__afailed                 00127E RLA    __argc                    001F6D RLA    
__argv                    001F6F RLA    __ctype                   001E4F RLA    
__ctypeidx                001E5A RLA    __directerrno             0012B0 RLA    
__errno                   002061 RLA    __hextab                  001E33 RLA    
__longminstr              001E43 RLA    __mappederrno             0012BA RLA    
__oserror                 002035 RLA    __osmaperrno              001A0A RLA    
__printf                  0013BD RLA    __seterrno                00166F RLA    
__sig_dfl                 001B61 RLA    _exit                     000825 RLA    
_fprintf                  001768 RLA    _fwrite                   001793 RLA    
_loadbin                  0011F5 RLA    _ltoa                     0018BF RLA    
_main                     001115 RLA    _printf                   001A3A RLA    
_raise                    001ACD RLA    _stderr                   001F68 RLA    
_stdout                   001F66 RLA    _strlen                   001B9E RLA    
_strlower                 001BB4 RLA    _ultoa                    001900 RLA    
_vfprintf                 001C62 RLA    _write                    001C8B RLA    
addeq0sp                  001694 RLA    addysp                    0016A6 RLA    
axlong                    0016B3 RLA    axulong                   0016B9 RLA    
boolne                    00193C RLA    callmain                  0016C0 RLA    
ctypemaskdirect           0016E7 RLA    decax1                    001701 RLA    
decsp1                    001708 RLA    decsp2                    001711 RLA    
decsp4                    00171E RLA    decsp5                    00172B RLA    
decsp6                    001738 RLA    donelib                   0016D7 RLA    
fdtab                     001F96 RLA    incax1                    00180E RLA    
incsp1                    001815 RLA    incsp2                    001824 RLA    
incsp3                    001832 RLA    incsp4                    001837 RLA    
incsp5                    00183C RLA    incsp6                    001841 RLA    
initlib                   002001 RLA    initmainargs              002027 RLAI   
initstdout                002090  LAI   jmpvec                    001FA6 RLA    
ldaidx                    001846 RLA    ldax0sp                   00185F RLA    
ldaxi                     001852 RLA    ldaxidx                   001854 RLA    
ldaxysp                   001861 RLA    mul8x16                   0019C0 RLA    
mul8x16a                  0019CA RLA    negax                     0019FC RLA    
negeax                    001868 RLA    popa                      001A20 RLA    
popax                     00181C RLA    popptr1                   001A2C RLA    
popsargsudiv16            001B12 RLA    ptr1                      00000A RLZ    
ptr2                      00000C RLZ    ptr3                      00000E RLZ    
ptr4                      000010 RLZ    push1                     001A6D RLA    
pusha                     001A76 RLA    pusha0                    001A8A RLA    
pushax                    001A8C RLA    pusheax                   00188F RLA    
pushw0sp                  001AB1 RLA    pushwidx                  001AA4 RLA    
pushwysp                  001AB3 RLA    regbank                   000016 RLZ    
rwcommon                  001AF8 RLA    sigtable                  001FBF RLA    
sp                        000002 RLZ    sreg                      000004 RLZ    
staspidx                  001B62 RLA    stax0sp                   001B78 RLA    
staxspidx                 001B83 RLA    staxysp                   001B7A RLA    
tmp1                      000012 RLZ    tmp2                      000013 RLZ    
tosaddax                  00167A RLA    tosdivax                  001747 RLA    
tosmoda0                  001968 RLA    tosmula0                  0019BE RLA    
tosudivax                 001BDD RLA    tosumulax                 001979 RLA    
udiv16                    001BEC RLA    zerobss                   001CDF RLA    



Exports list by value:
----------------------
__DESTRUCTOR_COUNT__      000000 REA    __STARTUP__               000001 REA    
__EXEHDR__                000001 REA    __LOADADDR__              000001 REA    
sp                        000002 RLZ    __CONSTRUCTOR_COUNT__     000002 REA    
sreg                      000004 RLZ    ptr1                      00000A RLZ    
ptr2                      00000C RLZ    ptr3                      00000E RLZ    
ptr4                      000010 RLZ    tmp1                      000012 RLZ    
tmp2                      000013 RLZ    regbank                   000016 RLZ    
__BSS_SIZE__              000066 REA    ST                        000090 RLZ    
__STACKSIZE__             000800 REA    __MAIN_START__            00080D RLA    
__HEADER_LAST__           00080D RLA    _exit                     000825 RLA    
_main                     001115 RLA    _loadbin                  0011F5 RLA    
__afailed                 00127E RLA    __directerrno             0012B0 RLA    
__mappederrno             0012BA RLA    __printf                  0013BD RLA    
__seterrno                00166F RLA    tosaddax                  00167A RLA    
addeq0sp                  001694 RLA    addysp                    0016A6 RLA    
axlong                    0016B3 RLA    axulong                   0016B9 RLA    
callmain                  0016C0 RLA    donelib                   0016D7 RLA    
ctypemaskdirect           0016E7 RLA    decax1                    001701 RLA    
decsp1                    001708 RLA    decsp2                    001711 RLA    
decsp4                    00171E RLA    decsp5                    00172B RLA    
decsp6                    001738 RLA    tosdivax                  001747 RLA    
_fprintf                  001768 RLA    _fwrite                   001793 RLA    
incax1                    00180E RLA    incsp1                    001815 RLA    
popax                     00181C RLA    incsp2                    001824 RLA    
incsp3                    001832 RLA    incsp4                    001837 RLA    
incsp5                    00183C RLA    incsp6                    001841 RLA    
ldaidx                    001846 RLA    ldaxi                     001852 RLA    
ldaxidx                   001854 RLA    ldax0sp                   00185F RLA    
ldaxysp                   001861 RLA    negeax                    001868 RLA    
pusheax                   00188F RLA    _ltoa                     0018BF RLA    
_ultoa                    001900 RLA    boolne                    00193C RLA    
tosmoda0                  001968 RLA    tosumulax                 001979 RLA    
tosmula0                  0019BE RLA    mul8x16                   0019C0 RLA    
mul8x16a                  0019CA RLA    negax                     0019FC RLA    
__osmaperrno              001A0A RLA    popa                      001A20 RLA    
popptr1                   001A2C RLA    _printf                   001A3A RLA    
push1                     001A6D RLA    pusha                     001A76 RLA    
pusha0                    001A8A RLA    pushax                    001A8C RLA    
pushwidx                  001AA4 RLA    pushw0sp                  001AB1 RLA    
pushwysp                  001AB3 RLA    _raise                    001ACD RLA    
rwcommon                  001AF8 RLA    popsargsudiv16            001B12 RLA    
__sig_dfl                 001B61 RLA    staspidx                  001B62 RLA    
stax0sp                   001B78 RLA    staxysp                   001B7A RLA    
staxspidx                 001B83 RLA    _strlen                   001B9E RLA    
_strlower                 001BB4 RLA    tosudivax                 001BDD RLA    
udiv16                    001BEC RLA    _vfprintf                 001C62 RLA    
_write                    001C8B RLA    zerobss                   001CDF RLA    
__hextab                  001E33 RLA    __longminstr              001E43 RLA    
__ctype                   001E4F RLA    __ctypeidx                001E5A RLA    
__DESTRUCTOR_TABLE__      001F34 RLA    _stdout                   001F66 RLA    
_stderr                   001F68 RLA    __argc                    001F6D RLA    
__argv                    001F6F RLA    fdtab                     001F96 RLA    
jmpvec                    001FA6 RLA    sigtable                  001FBF RLA    
__ONCE_RUN__              002001 RLA    initlib                   002001 RLA    
__BSS_RUN__               002001 RLA    initmainargs              002027 RLAI   
__oserror                 002035 RLA    __errno                   002061 RLA    
initstdout                002090  LAI   __CONSTRUCTOR_TABLE__     0020A1 RLA    
__MAIN_SIZE__             00C7F3 REA    __HIMEM__                 00D000 REA    
READST                    00FFB7 RLA    SETLFS                    00FFBA RLA    
OPEN                      00FFC0 RLA    CKOUT                     00FFC9 RLA    
CLRCH                     00FFCC RLA    BSOUT                     00FFD2 RLA    



Imports list:
-------------
BSOUT (kernal.o):
    write.o                   cbm/cbm.inc(49)
    crt0.o                    c64/crt0.s(10)
CKOUT (kernal.o):
    write.o                   cbm/cbm.inc(45)
CLRCH (kernal.o):
    write.o                   cbm/cbm.inc(46)
OPEN (kernal.o):
    write.o                   cbm/cbm.inc(35)
READST (kernal.o):
    write.o                   cbm/cbm.inc(32)
SETLFS (kernal.o):
    write.o                   cbm/cbm.inc(33)
ST (status.o):
    crt0.o                    c64/crt0.s(13)
__BSS_RUN__ ([linker generated]):
    zerobss.o                 common/zerobss.s(8)
__BSS_SIZE__ ([linker generated]):
    zerobss.o                 common/zerobss.s(8)
__CONSTRUCTOR_COUNT__ ([linker generated]):
    condes.o                  runtime/condes.s(18)
__CONSTRUCTOR_TABLE__ ([linker generated]):
    condes.o                  runtime/condes.s(18)
__DESTRUCTOR_COUNT__ ([linker generated]):
    condes.o                  runtime/condes.s(19)
__DESTRUCTOR_TABLE__ ([linker generated]):
    condes.o                  runtime/condes.s(19)
__EXEHDR__ (exehdr.o):
    [linker generated]        C:\Users\chris\cc65/cfg/c64.cfg(6)
__HEADER_LAST__ ([linker generated]):
    [linker generated]        C:\Users\chris\cc65/cfg/c64.cfg(14)
    [linker generated]        C:\Users\chris\cc65/cfg/c64.cfg(14)
__HIMEM__ ([linker generated]):
    [linker generated]        C:\Users\chris\cc65/cfg/c64.cfg(15)
    [linker generated]        C:\Users\chris\cc65/cfg/c64.cfg(14)
__LOADADDR__ (loadaddr.o):
    [linker generated]        C:\Users\chris\cc65/cfg/c64.cfg(5)
__MAIN_SIZE__ ([linker generated]):
    crt0.o                    c64/crt0.s(11)
__MAIN_START__ ([linker generated]):
    crt0.o                    c64/crt0.s(11)
__ONCE_RUN__ ([linker generated]):
    [linker generated]        C:\Users\chris\cc65/cfg/c64.cfg(15)
    [linker generated]        C:\Users\chris\cc65/cfg/c64.cfg(15)
__STACKSIZE__ ([linker generated]):
    [linker generated]        C:\Users\chris\cc65/cfg/c64.cfg(15)
__STARTUP__ (crt0.o):
    Space-Blimp.o             space-blimp.s(27)
__afailed (_afailed.o):
    Space-Blimp.o             space-blimp.s(37)
__argc (callmain.o):
    mainargs.o                c64/mainargs.s(26)
__argv (callmain.o):
    mainargs.o                c64/mainargs.s(26)
__ctype (ctype.o):
    ctypemask.o               common/ctypemask.s(23)
__ctypeidx (ctype.o):
    ctypemask.o               common/ctypemask.s(24)
__directerrno (_directerrno.o):
    write.o                   /home/travis/build/cc65/cc65/asminc/errno.inc(10)
__errno (errno.o):
    _seterrno.o               /home/travis/build/cc65/cc65/asminc/errno.inc(7)
__hextab (_hextab.o):
    ltoa.o                    common/ltoa.s(10)
__longminstr (_longminstr.o):
    ltoa.o                    common/ltoa.s(10)
__mappederrno (_mappederrno.o):
    write.o                   /home/travis/build/cc65/cc65/asminc/errno.inc(10)
__oserror (_oserror.o):
    _mappederrno.o            /home/travis/build/cc65/cc65/asminc/errno.inc(7)
    _directerrno.o            /home/travis/build/cc65/cc65/asminc/errno.inc(7)
    write.o                   /home/travis/build/cc65/cc65/asminc/errno.inc(7)
__osmaperrno (oserror.o):
    _mappederrno.o            /home/travis/build/cc65/cc65/asminc/errno.inc(8)
__printf (_printf.o):
    vfprintf.o                common/vfprintf.s(10)
__seterrno (_seterrno.o):
    _mappederrno.o            /home/travis/build/cc65/cc65/asminc/errno.inc(9)
    _directerrno.o            /home/travis/build/cc65/cc65/asminc/errno.inc(9)
    fwrite.o                  /home/travis/build/cc65/cc65/asminc/errno.inc(9)
    signal.o                  /home/travis/build/cc65/cc65/asminc/errno.inc(9)
__sig_dfl (signal.o):
    sigtable.o                /home/travis/build/cc65/cc65/asminc/signal.inc(53)
    raise.o                   /home/travis/build/cc65/cc65/asminc/signal.inc(53)
_exit (crt0.o):
    _afailed.o                ../libwrk/c64/_afailed.s(16)
    Space-Blimp.o             space-blimp.s(36)
_fprintf (fprintf.o):
    _afailed.o                ../libwrk/c64/_afailed.s(15)
_fwrite (fwrite.o):
    vfprintf.o                common/vfprintf.s(10)
_loadbin (loadbin.o):
    Space-Blimp.o             space-blimp.s(40)
_ltoa (ltoa.o):
    _printf.o                 common/_printf.s(12)
_main (Space-Blimp.o):
    callmain.o                runtime/callmain.s(11)
_printf (printf.o):
    Space-Blimp.o             space-blimp.s(34)
_raise (raise.o):
    _afailed.o                ../libwrk/c64/_afailed.s(13)
_stderr (_file.o):
    _afailed.o                ../libwrk/c64/_afailed.s(14)
_stdout (_file.o):
    printf.o                  common/printf.s(8)
_strlen (strlen.o):
    _printf.o                 common/_printf.s(13)
    Space-Blimp.o             space-blimp.s(35)
_strlower (strlower.o):
    _printf.o                 common/_printf.s(13)
_ultoa (ltoa.o):
    _printf.o                 common/_printf.s(12)
_vfprintf (vfprintf.o):
    printf.o                  common/printf.s(8)
    fprintf.o                 common/fprintf.s(8)
_write (write.o):
    fwrite.o                  common/fwrite.s(10)
addeq0sp (addeqsp.o):
    Space-Blimp.o             space-blimp.s(1773)
addysp (addysp.o):
    incsp6.o                  runtime/incsp6.s(8)
    fwrite.o                  common/fwrite.s(11)
    printf.o                  common/printf.s(8)
    incsp5.o                  runtime/incsp5.s(8)
    incsp4.o                  runtime/incsp4.s(8)
    incsp3.o                  runtime/incsp3.s(8)
    fprintf.o                 common/fprintf.s(8)
    Space-Blimp.o             space-blimp.s(1773)
axlong (axlong.o):
    _printf.o                 common/_printf.s(11)
axulong (axlong.o):
    _printf.o                 common/_printf.s(11)
boolne (makebool.o):
    Space-Blimp.o             space-blimp.s(1773)
callmain (callmain.o):
    crt0.o                    c64/crt0.s(9)
ctypemaskdirect (ctypemask.o):
    strlower.o                common/strlower.s(14)
decax1 (decax1.o):
    Space-Blimp.o             space-blimp.s(1773)
decsp1 (decsp1.o):
    Space-Blimp.o             space-blimp.s(1773)
    Space-Blimp.o             space-blimp.s(1773)
    Space-Blimp.o             space-blimp.s(1773)
decsp2 (decsp2.o):
    Space-Blimp.o             space-blimp.s(1773)
    Space-Blimp.o             space-blimp.s(1773)
    Space-Blimp.o             space-blimp.s(1773)
decsp4 (decsp4.o):
    lpush.o                   runtime/lpush.s(12)
    fprintf.o                 common/fprintf.s(8)
decsp5 (decsp5.o):
    Space-Blimp.o             space-blimp.s(1773)
decsp6 (decsp6.o):
    _printf.o                 common/_printf.s(11)
donelib (condes.o):
    crt0.o                    c64/crt0.s(8)
fdtab (filedes.o):
    write.o                   cbm/filedes.inc(7)
incax1 (incax1.o):
    Space-Blimp.o             space-blimp.s(1773)
incsp1 (incsp1.o):
    Space-Blimp.o             space-blimp.s(1773)
    Space-Blimp.o             space-blimp.s(1773)
incsp2 (incsp2.o):
    staxspi.o                 runtime/staxspi.s(9)
    staspidx.o                runtime/staspidx.s(8)
    popptr1.o                 runtime/popptr1.s(8)
    Space-Blimp.o             space-blimp.s(1773)
    Space-Blimp.o             space-blimp.s(1773)
    Space-Blimp.o             space-blimp.s(1773)
    Space-Blimp.o             space-blimp.s(1773)
    Space-Blimp.o             space-blimp.s(1773)
    Space-Blimp.o             space-blimp.s(1773)
    Space-Blimp.o             space-blimp.s(1773)
    Space-Blimp.o             space-blimp.s(1773)
incsp3 (incsp3.o):
    Space-Blimp.o             space-blimp.s(1773)
    Space-Blimp.o             space-blimp.s(1773)
    Space-Blimp.o             space-blimp.s(1773)
    Space-Blimp.o             space-blimp.s(1773)
incsp4 (incsp4.o):
    _afailed.o                ../libwrk/c64/_afailed.s(57)
    Space-Blimp.o             space-blimp.s(1773)
incsp5 (incsp5.o):
    Space-Blimp.o             space-blimp.s(1773)
    Space-Blimp.o             space-blimp.s(1773)
incsp6 (incsp6.o):
    fwrite.o                  common/fwrite.s(11)
    vfprintf.o                common/vfprintf.s(9)
initlib (condes.o):
    crt0.o                    c64/crt0.s(8)
initmainargs (mainargs.o):
    Space-Blimp.o             space-blimp.s(28)
jmpvec (jmpvec.o):
    raise.o                   common/raise.s(7)
    Space-Blimp.o             space-blimp.s(1773)
    Space-Blimp.o             space-blimp.s(1773)
ldaidx (ldai.o):
    Space-Blimp.o             space-blimp.s(1773)
    Space-Blimp.o             space-blimp.s(1773)
ldax0sp (ldaxsp.o):
    Space-Blimp.o             space-blimp.s(1773)
    Space-Blimp.o             space-blimp.s(1773)
    Space-Blimp.o             space-blimp.s(1773)
    Space-Blimp.o             space-blimp.s(1773)
    Space-Blimp.o             space-blimp.s(1773)
    Space-Blimp.o             space-blimp.s(1773)
ldaxi (ldaxi.o):
    Space-Blimp.o             space-blimp.s(1773)
ldaxidx (ldaxi.o):
    Space-Blimp.o             space-blimp.s(1773)
    Space-Blimp.o             space-blimp.s(1773)
    Space-Blimp.o             space-blimp.s(1773)
ldaxysp (ldaxsp.o):
    fwrite.o                  common/fwrite.s(11)
    Space-Blimp.o             space-blimp.s(1773)
    Space-Blimp.o             space-blimp.s(1773)
    Space-Blimp.o             space-blimp.s(1773)
    Space-Blimp.o             space-blimp.s(1773)
    Space-Blimp.o             space-blimp.s(1773)
    Space-Blimp.o             space-blimp.s(1773)
    Space-Blimp.o             space-blimp.s(1773)
    Space-Blimp.o             space-blimp.s(1773)
    Space-Blimp.o             space-blimp.s(1773)
    Space-Blimp.o             space-blimp.s(1773)
    Space-Blimp.o             space-blimp.s(1773)
    Space-Blimp.o             space-blimp.s(1773)
mul8x16 (mul8.o):
    mul.o                     runtime/mul.s(8)
mul8x16a (mul8.o):
    mul.o                     runtime/mul.s(8)
negax (negabs.o):
    shelp.o                   runtime/shelp.s(11)
    mod.o                     runtime/mod.s(11)
    div.o                     runtime/div.s(11)
negeax (lneg.o):
    ltoa.o                    common/ltoa.s(9)
popa (popa.o):
    loadbin.o                 loadbin.asm(10)
popax (incsp2.o):
    rwcommon.o                cbm/rwcommon.s(9)
    ltoa.o                    common/ltoa.s(9)
    _printf.o                 common/_printf.s(11)
    signal.o                  common/signal.s(7)
    shelp.o                   runtime/shelp.s(11)
popptr1 (popptr1.o):
    rwcommon.o                cbm/rwcommon.s(9)
    mul.o                     runtime/mul.s(9)
    ltoa.o                    common/ltoa.s(9)
    udiv.o                    runtime/udiv.s(9)
    mul8.o                    runtime/mul8.s(9)
    loadbin.o                 loadbin.asm(10)
popsargsudiv16 (shelp.o):
    mod.o                     runtime/mod.s(11)
    div.o                     runtime/div.s(11)
ptr1 (zeropage.o):
    write.o                   cbm/write.s(11)
    strlower.o                common/strlower.s(13)
    mul.o                     runtime/mul.s(10)
    ltoa.o                    common/ltoa.s(11)
    fwrite.o                  common/fwrite.s(14)
    _printf.o                 /home/travis/build/cc65/cc65/asminc/zeropage.inc(12)
    zerobss.o                 common/zerobss.s(9)
    vfprintf.o                common/vfprintf.s(11)
    udiv.o                    runtime/udiv.s(10)
    staxspi.o                 runtime/staxspi.s(10)
    staspidx.o                runtime/staspidx.s(9)
    signal.o                  common/signal.s(8)
    shelp.o                   runtime/shelp.s(12)
    pushw.o                   runtime/pushw.s(9)
    printf.o                  common/printf.s(9)
    popptr1.o                 runtime/popptr1.s(9)
    mul8.o                    runtime/mul8.s(10)
    ldaxi.o                   runtime/ldaxi.s(8)
    ldai.o                    runtime/ldai.s(8)
    fprintf.o                 common/fprintf.s(9)
    div.o                     runtime/div.s(12)
    loadbin.o                 C:\Users\chris\cc65/asminc/zeropage.inc(12)
    Space-Blimp.o             space-blimp.s(11)
ptr2 (zeropage.o):
    rwcommon.o                cbm/rwcommon.s(10)
    write.o                   cbm/write.s(11)
    strlower.o                common/strlower.s(13)
    ltoa.o                    common/ltoa.s(11)
    _printf.o                 /home/travis/build/cc65/cc65/asminc/zeropage.inc(12)
    strlen.o                  common/strlen.s(12)
    Space-Blimp.o             space-blimp.s(11)
ptr3 (zeropage.o):
    rwcommon.o                cbm/rwcommon.s(10)
    write.o                   cbm/write.s(11)
    ltoa.o                    common/ltoa.s(11)
ptr4 (zeropage.o):
    mul.o                     runtime/mul.s(10)
    udiv.o                    runtime/udiv.s(10)
    shelp.o                   runtime/shelp.s(12)
    mul8.o                    runtime/mul8.s(10)
push1 (push1.o):
    _printf.o                 common/_printf.s(11)
    vfprintf.o                common/vfprintf.s(9)
pusha (pusha.o):
    Space-Blimp.o             space-blimp.s(1773)
    Space-Blimp.o             space-blimp.s(1773)
    Space-Blimp.o             space-blimp.s(1773)
    Space-Blimp.o             space-blimp.s(1773)
    Space-Blimp.o             space-blimp.s(1773)
    Space-Blimp.o             space-blimp.s(1773)
    Space-Blimp.o             space-blimp.s(1773)
    Space-Blimp.o             space-blimp.s(1773)
    Space-Blimp.o             space-blimp.s(1773)
pusha0 (pushax.o):
    push1.o                   runtime/push1.s(8)
    Space-Blimp.o             space-blimp.s(1773)
    Space-Blimp.o             space-blimp.s(1773)
    Space-Blimp.o             space-blimp.s(1773)
    Space-Blimp.o             space-blimp.s(1773)
pushax (pushax.o):
    fwrite.o                  common/fwrite.s(11)
    callmain.o                runtime/callmain.s(11)
    _printf.o                 common/_printf.s(11)
    pushw.o                   runtime/pushw.s(8)
    printf.o                  common/printf.s(8)
    _afailed.o                ../libwrk/c64/_afailed.s(57)
    Space-Blimp.o             space-blimp.s(1773)
    Space-Blimp.o             space-blimp.s(1773)
    Space-Blimp.o             space-blimp.s(1773)
    Space-Blimp.o             space-blimp.s(1773)
    Space-Blimp.o             space-blimp.s(1773)
    Space-Blimp.o             space-blimp.s(1773)
    Space-Blimp.o             space-blimp.s(1773)
    Space-Blimp.o             space-blimp.s(1773)
    Space-Blimp.o             space-blimp.s(1773)
    Space-Blimp.o             space-blimp.s(1773)
    Space-Blimp.o             space-blimp.s(1773)
    Space-Blimp.o             space-blimp.s(1773)
    Space-Blimp.o             space-blimp.s(1773)
    Space-Blimp.o             space-blimp.s(1773)
pusheax (lpush.o):
    _printf.o                 common/_printf.s(11)
pushw0sp (pushwsp.o):
    Space-Blimp.o             space-blimp.s(1773)
    Space-Blimp.o             space-blimp.s(1773)
    Space-Blimp.o             space-blimp.s(1773)
pushwidx (pushw.o):
    Space-Blimp.o             space-blimp.s(1773)
    Space-Blimp.o             space-blimp.s(1773)
    Space-Blimp.o             space-blimp.s(1773)
pushwysp (pushwsp.o):
    fwrite.o                  common/fwrite.s(11)
    vfprintf.o                common/vfprintf.s(9)
    _afailed.o                ../libwrk/c64/_afailed.s(57)
    Space-Blimp.o             space-blimp.s(1773)
    Space-Blimp.o             space-blimp.s(1773)
    Space-Blimp.o             space-blimp.s(1773)
    Space-Blimp.o             space-blimp.s(1773)
    Space-Blimp.o             space-blimp.s(1773)
    Space-Blimp.o             space-blimp.s(1773)
regbank (zeropage.o):
    _printf.o                 /home/travis/build/cc65/cc65/asminc/zeropage.inc(14)
rwcommon (rwcommon.o):
    write.o                   cbm/write.s(10)
sigtable (sigtable.o):
    signal.o                  /home/travis/build/cc65/cc65/asminc/signal.inc(49)
    raise.o                   /home/travis/build/cc65/cc65/asminc/signal.inc(49)
sp (zeropage.o):
    lpush.o                   runtime/lpush.s(13)
    decsp6.o                  runtime/decsp6.s(8)
    decsp4.o                  runtime/decsp4.s(8)
    _printf.o                 /home/travis/build/cc65/cc65/asminc/zeropage.inc(11)
    vfprintf.o                common/vfprintf.s(11)
    staxspi.o                 runtime/staxspi.s(10)
    staxsp.o                  runtime/staxsp.s(8)
    staspidx.o                runtime/staspidx.s(9)
    pushwsp.o                 runtime/pushwsp.s(8)
    pushax.o                  runtime/pushax.s(8)
    pusha.o                   runtime/pusha.s(8)
    printf.o                  common/printf.s(9)
    popptr1.o                 runtime/popptr1.s(9)
    popa.o                    runtime/popa.s(8)
    ldaxsp.o                  runtime/ldaxsp.s(8)
    incsp2.o                  runtime/incsp2.s(8)
    incsp1.o                  runtime/incsp1.s(8)
    fprintf.o                 common/fprintf.s(9)
    decsp5.o                  runtime/decsp5.s(8)
    decsp2.o                  runtime/decsp2.s(8)
    decsp1.o                  runtime/decsp1.s(8)
    crt0.o                    /home/travis/build/cc65/cc65/asminc/zeropage.inc(11)
    addysp.o                  runtime/addysp.s(8)
    addeqsp.o                 runtime/addeqsp.s(8)
    add.o                     runtime/add.s(12)
    Space-Blimp.o             space-blimp.s(10)
sreg (zeropage.o):
    lneg.o                    runtime/lneg.s(11)
    ltoa.o                    common/ltoa.s(11)
    lpush.o                   runtime/lpush.s(13)
    axlong.o                  runtime/axlong.s(9)
    _printf.o                 /home/travis/build/cc65/cc65/asminc/zeropage.inc(11)
    udiv.o                    runtime/udiv.s(10)
    mod.o                     runtime/mod.s(12)
    Space-Blimp.o             space-blimp.s(10)
staspidx (staspidx.o):
    Space-Blimp.o             space-blimp.s(1773)
    Space-Blimp.o             space-blimp.s(1773)
    Space-Blimp.o             space-blimp.s(1773)
stax0sp (staxsp.o):
    Space-Blimp.o             space-blimp.s(1773)
    Space-Blimp.o             space-blimp.s(1773)
staxspidx (staxspi.o):
    Space-Blimp.o             space-blimp.s(1773)
staxysp (staxsp.o):
    Space-Blimp.o             space-blimp.s(1773)
tmp1 (zeropage.o):
    mul.o                     runtime/mul.s(10)
    ltoa.o                    common/ltoa.s(11)
    _printf.o                 /home/travis/build/cc65/cc65/asminc/zeropage.inc(13)
    staxspi.o                 runtime/staxspi.s(10)
    staspidx.o                runtime/staspidx.s(9)
    shelp.o                   runtime/shelp.s(12)
    mod.o                     runtime/mod.s(12)
    div.o                     runtime/div.s(12)
    add.o                     runtime/add.s(12)
tmp2 (zeropage.o):
    rwcommon.o                cbm/rwcommon.s(10)
    shelp.o                   runtime/shelp.s(12)
    div.o                     runtime/div.s(12)
tosaddax (add.o):
    Space-Blimp.o             space-blimp.s(1773)
tosdivax (div.o):
    Space-Blimp.o             space-blimp.s(1773)
tosmoda0 (mod.o):
    Space-Blimp.o             space-blimp.s(1773)
    Space-Blimp.o             space-blimp.s(1773)
tosmula0 (mul8.o):
    Space-Blimp.o             space-blimp.s(1773)
    Space-Blimp.o             space-blimp.s(1773)
    Space-Blimp.o             space-blimp.s(1773)
tosudivax (udiv.o):
    fwrite.o                  common/fwrite.s(12)
tosumulax (mul.o):
    fwrite.o                  common/fwrite.s(12)
udiv16 (udiv.o):
    shelp.o                   runtime/shelp.s(11)
zerobss (zerobss.o):
    crt0.o                    c64/crt0.s(9)

